﻿
> content-request-app@0.0.0 build
> vite build

[36mvite v5.4.21 [32mbuilding for production...[36m[39m
transforming...
[32mÔ£ô[39m 15 modules transformed.
node.exe : [31mx[39m 
Build failed in 1.55s
En línea: 1 Carácter: 1
+ & "C:\Program 
Files\nodejs/node.exe" 
"C:\Program 
Files\nodejs/node_mo 
...
+ ~~~~~~~~~~~~~~~~~~~~~
~~~~~~~~~~~~~~~~~~~~~~~
~~~~~~~~~~~~~~~~~~~~~~~
~~
    + CategoryInfo     
         : NotSpecifi  
  ed: ([31mx[39m B   
 uild failed in 1.5    
5s:String) [], Rem    
oteException
    + FullyQualifiedEr 
   rorId : NativeComm  
  andError
 
[31merror during 
build:
[31m[vite-plugin-pwa:b
uild] [plugin 
vite-plugin-pwa:build] 
src/pages/RequestDetail
Page.jsx (918:16): 
There was an error 
during the build:
  Transform failed 
with 1 error:
F:/GESTION DE 
SOLICITUDES 6/src/pages
/RequestDetailPage.jsx:
918:16: ERROR: 
Expected ")" but found 
"isOpen"
Additionally, handling 
the error in the 
'buildEnd' hook caused 
the following error:
  Transform failed 
with 1 error:
F:/GESTION DE 
SOLICITUDES 6/src/pages
/RequestDetailPage.jsx:
918:16: ERROR: 
Expected ")" but found 
"isOpen"[31m
file: [36mF:/GESTION 
DE SOLICITUDES 6/src/pa
ges/RequestDetailPage.j
sx:918:16[31m
[33m
[33mExpected ")" but 
found "isOpen"[33m
916|              
</div>
917|              
<Modal
918|                  i
sOpen={isReopenModalOpe
n}
   |                  ^
919|                  
onClose={() => setIsReo
penModalOpen(false)}
920|                  
title="Reabrir 
Solicitud"
[31m
    at getRollupError (
file:///F:/GESTION%20DE
%20SOLICITUDES%206/node
_modules/rollup/dist/es
/shared/parseAst.js:401
:41)
    at file:///F:/GESTI
ON%20DE%20SOLICITUDES%2
06/node_modules/rollup/
dist/es/shared/node-ent
ry.js:23347:39
    at process.processT
icksAndRejections (node
:internal/process/task_
queues:103:5)
    at async catchUnfin
ishedHookActions (file:
///F:/GESTION%20DE%20SO
LICITUDES%206/node_modu
les/rollup/dist/es/shar
ed/node-entry.js:22805:
16)
    at async 
rollupInternal (file://
/F:/GESTION%20DE%20SOLI
CITUDES%206/node_module
s/rollup/dist/es/shared
/node-entry.js:23330:5)
    at async build (fil
e:///F:/GESTION%20DE%20
SOLICITUDES%206/node_mo
dules/vite/dist/node/ch
unks/dep-BK3b2jBa.js:65
709:14)
    at async 
CAC.<anonymous> (file:/
//F:/GESTION%20DE%20SOL
ICITUDES%206/node_modul
es/vite/dist/node/cli.j
s:829:5)[39m
